System Information
------------------

Raspberry Pi 5 Model B Rev 1.1
PRETTY_NAME="Debian GNU/Linux 13 (trixie)"
NAME="Debian GNU/Linux"
VERSION_ID="13"
VERSION="13 (trixie)"

Raspberry Pi reference 2025-10-01
Generated using pi-gen, https://github.com/RPi-Distro/pi-gen, 7dadcf1fc5ce1648ab09409ab978831690c9a955, stage4

Linux raspberrypi 6.12.75+rpt-rpi-2712 #1 SMP PREEMPT Debian 1:6.12.75-1+rpt1 (2026-03-11) aarch64 GNU/Linux
Revision	: c04171
Serial		: 861182f44861ac3b
Model		: Raspberry Pi 5 Model B Rev 1.1
Throttled flag  : throttled=0xe0006
Camera Information
------------------

Camera          : vc_gencmd_read_response returned -1 error=1 error_msg="Command not registered"

Videocore information
---------------------

2025/06/13 10:39:26 
Copyright (c) 2012 Broadcom
version 5855b10b (release) (embedded)

vc_gencmd_read_response returned -1
error=1 error_msg="Command not registered"

Filesystem information
----------------------
文件系统         1K的块     已用    可用 已用% 挂载点
udev            1791872        0 1791872    0% /dev
tmpfs            828176    21248  806928    3% /run
/dev/mmcblk0p2 30074284 23710568 5065948   83% /
tmpfs           2070416       48 2070368    1% /dev/shm
tmpfs              5120        0    5120    0% /run/lock
tmpfs              1024        0    1024    0% /run/credentials/systemd-journald.service
tmpfs           2070432    91376 1979056    5% /tmp
/dev/mmcblk0p1   522230   104724  417506   21% /boot/firmware
tmpfs            414080     3152  410928    1% /run/user/1000
tmpfs              1024        0    1024    0% /run/credentials/getty@tty1.service
tmpfs              1024        0    1024    0% /run/credentials/serial-getty@ttyAMA10.service

Filename				Type		Size		Used		Priority
/dev/zram0                              partition	2097136		0		100

Package version information
---------------------------
raspberrypi-ui-mods:
  已安装：(无)
raspberrypi-sys-mods:
  已安装：1:20260315
openbox:
  已安装：3.6.1-12+rpt1
lxpanel:
  已安装：(无)
pcmanfm:
  已安装：1.4.0-1+rpt9
rpd-plym-splash:
  已安装：0.46

Networking Information
----------------------


USB Information
---------------

/:  Bus 001.Port 001: Dev 001, Class=root_hub, Driver=xhci-hcd/2p, 480M
/:  Bus 002.Port 001: Dev 001, Class=root_hub, Driver=xhci-hcd/1p, 5000M
/:  Bus 003.Port 001: Dev 001, Class=root_hub, Driver=xhci-hcd/2p, 480M
/:  Bus 004.Port 001: Dev 001, Class=root_hub, Driver=xhci-hcd/1p, 5000M

Display Information
-------------------

Using Xorg with kms



/sys/class/drm/card[0-9]-*
No EDID found



Audio Information
-------------------


null
    Discard all samples (playback) or generate zero samples (capture)
default
    Playback/recording through the PulseAudio sound server
lavrate
    Rate Converter Plugin Using Libav/FFmpeg Library
samplerate
    Rate Converter Plugin Using Samplerate Library
speexrate
    Rate Converter Plugin Using Speex Resampler
jack
    JACK Audio Connection Kit
oss
    Open Sound System
pulse
    PulseAudio Sound Server
speex
    Plugin using Speex DSP (resample, agc, denoise, echo, dereverb)
upmix
    Plugin for channel upmix (4,6,8)
vdownmix
    Plugin for channel downmix (stereo) with a simple spacialization

● pipewire.socket - PipeWire Multimedia System Sockets
     Loaded: loaded (/usr/lib/systemd/user/pipewire.socket; enabled; preset: enabled)
     Active: active (running) since Fri 2026-03-27 19:22:15 CST; 46min ago
 Invocation: 85bb89baf6064fdeba0853fe148cc51f
   Triggers: ● pipewire.service
     Listen: /run/user/1000/pipewire-0 (Stream)
             /run/user/1000/pipewire-0-manager (Stream)
     CGroup: /user.slice/user-1000.slice/user@1000.service/app.slice/pipewire.socket

3月 27 19:22:15 raspberrypi systemd[1044]: Listening on pipewire.socket - PipeWire Multimedia System Sockets.

● pipewire.service - PipeWire Multimedia Service
     Loaded: loaded (/usr/lib/systemd/user/pipewire.service; enabled; preset: enabled)
     Active: active (running) since Fri 2026-03-27 19:22:15 CST; 46min ago
 Invocation: 0a0f607041854d329670f544c878f9aa
TriggeredBy: ● pipewire.socket
   Main PID: 1141 (pipewire)
      Tasks: 3 (limit: 4200)
        CPU: 5.535s
     CGroup: /user.slice/user-1000.slice/user@1000.service/session.slice/pipewire.service
             └─1141 /usr/bin/pipewire

3月 27 19:22:15 raspberrypi systemd[1044]: Started pipewire.service - PipeWire Multimedia Service.
3月 27 19:22:16 raspberrypi pipewire[1141]: mod.rt: RTKit error: org.freedesktop.DBus.Error.ServiceUnknown
3月 27 19:22:16 raspberrypi pipewire[1141]: mod.rt: RTKit does not give us MaxRealtimePriority, using 1
3月 27 19:22:16 raspberrypi pipewire[1141]: mod.rt: RTKit error: org.freedesktop.DBus.Error.ServiceUnknown
3月 27 19:22:16 raspberrypi pipewire[1141]: mod.rt: RTKit does not give us MinNiceLevel, using 0
3月 27 19:22:16 raspberrypi pipewire[1141]: mod.rt: RTKit error: org.freedesktop.DBus.Error.ServiceUnknown
3月 27 19:22:16 raspberrypi pipewire[1141]: mod.rt: RTKit does not give us RTTimeUSecMax, using -1

○ pulseaudio.service - Sound Service
     Loaded: loaded (/usr/lib/systemd/user/pulseaudio.service; enabled; preset: enabled)
     Active: inactive (dead)
TriggeredBy: ○ pulseaudio.socket

○ pulseaudio.socket - Sound System
     Loaded: loaded (/usr/lib/systemd/user/pulseaudio.socket; enabled; preset: enabled)
     Active: inactive (dead)
   Triggers: ● pulseaudio.service
     Listen: /run/user/1000/pulse/native (Stream)

服务器字串：/run/user/1000/pulse/native
程序库协议版本：35
服务器协议版本：35
是否本地服务器：是
客户端索引：89
区块大小: 65472
用户名：david
主机名：raspberrypi
服务器名：PulseAudio (on PipeWire 1.4.2)
服务器版本：15.0.0
默认采样规格：float32le 2ch 48000Hz
默认声道映射：front-left,front-right
默认音频入口：auto_null
默认信源： auto_null.monitor
Cookie：b8f9:a0ea

config.txt
----------

arm_64bit=1
arm_boost=1
arm_freq=2400
arm_freq_min=1500
arm_peri_high=1
audio_pwm_mode=2
auto_initramfs=1
avs_temp=0x12c30
camera_auto_detect=1
core_freq=910
core_freq_min=500
disable_commandline_tags=2
disable_fw_kms_setup=1
disable_l2cache=1
disable_overscan=1
display_auto_detect=1
display_default_lcd=-1
display_hdmi_rotate=-1
display_lcd_rotate=-1
dvfs=4
enable_gic=1
force_eeprom_read=1
force_pwm_open=1
framebuffer_depth=16
framebuffer_ignore_alpha=1
framebuffer_swap=1
gpu_freq_min=500
hdmi_enable_4kp60=1
hevc_freq=910
hevc_freq_min=500
ignore_lcd=-1
init_uart_clock=0x2dc6c00
initial_turbo=60
isp_freq=910
isp_freq_min=500
max_framebuffers=2
over_voltage_avs=0x17ed0
pause_burst_frames=1
pciex4_reset=1
pmic_turbo_threshold=1500
program_serial_random=1
total_mem=4096
v3d_freq=960
v3d_freq_min=500
vpred=8580
vpred_max=8580
hdmi_force_cec_address:0=65535
hdmi_force_cec_address:1=65535
hdmi_force_hotplug:0=1
hdmi_force_mode:0=1
hdmi_group:0=1
hdmi_ignore_edid:0=0xa5000080
hdmi_mode:0=4
device_tree=-
overlay_prefix=overlays/
hdmi_cvt:0=
hdmi_cvt:1=
hdmi_edid_filename:0=
hdmi_edid_filename:1=
hdmi_timings:0=
hdmi_timings:1=

cmdline.txt
-----------
reboot=w coherent_pool=1M 8250.nr_uarts=1 pci=pcie_bus_safe cgroup_disable=memory numa_policy=interleave nvme.max_host_mem_size_mb=0 clk_ignore_unused  numa=fake=8 system_heap.max_order=0 smsc95xx.macaddr=88:A2:9E:3F:C7:BF vc_mem.mem_base=0x3fc00000 vc_mem.mem_size=0x40000000  console=ttyAMA10,115200 console=tty1 root=PARTUUID=7739ea10-02 rootfstype=ext4 fsck.repair=yes rootwait quiet splash plymouth.ignore-serial-consoles cfg80211.ieee80211_regdom=CN

pin configuration
-----------------

 0: ip    pu | hi // ID_SDA/GPIO0 = input
 1: ip    pu | hi // ID_SCL/GPIO1 = input
 2: a3    pu | hi // GPIO2 = SDA1
 3: a3    pu | hi // GPIO3 = SCL1
 4: ip    pn | lo // GPIO4 = input
 5: no    pu | -- // GPIO5 = none
 6: no    pu | -- // GPIO6 = none
 7: op dh pu | hi // GPIO7 = output
 8: op dh pu | hi // GPIO8 = output
 9: a0    pn | lo // GPIO9 = SPI0_MISO
10: a0    pn | lo // GPIO10 = SPI0_MOSI
11: a0    pn | lo // GPIO11 = SPI0_SCLK
12: no    pd | -- // GPIO12 = none
13: no    pd | -- // GPIO13 = none
14: a4    pn | hi // GPIO14 = TXD0
15: a4    pu | hi // GPIO15 = RXD0
16: no    pd | -- // GPIO16 = none
17: no    pd | -- // GPIO17 = none
18: no    pd | -- // GPIO18 = none
19: no    pd | -- // GPIO19 = none
20: no    pd | -- // GPIO20 = none
21: no    pd | -- // GPIO21 = none
22: no    pd | -- // GPIO22 = none
23: no    pd | -- // GPIO23 = none
24: no    pd | -- // GPIO24 = none
25: no    pd | -- // GPIO25 = none
26: no    pd | -- // GPIO26 = none
27: no    pd | -- // GPIO27 = none
28: no    pd | lo // PCIE_RP1_WAKE/GPIO28 = none
29: no    pu | hi // FAN_TACH/GPIO29 = none
30: no    pu | -- // HOST_SDA/GPIO30 = none
31: no    pu | -- // HOST_SCL/GPIO31 = none
32: op dh pd | hi // ETH_RST_N/GPIO32 = output
33: no    pd | lo // GPIO33 = none
34: op dl pd | lo // CD0_IO0_MICCLK/GPIO34 = output
35: no    pd | lo // CD0_IO0_MICDAT0/GPIO35 = none
36: no    pd | lo // RP1_PCIE_CLKREQ_N/GPIO36 = none
37: no    pd | lo // GPIO37 = none
38: ip    pd | hi // CD0_SDA/GPIO38 = input
39: ip    pd | hi // CD0_SCL/GPIO39 = input
40: ip    pd | hi // CD1_SDA/GPIO40 = input
41: ip    pd | hi // CD1_SCL/GPIO41 = input
42: a2    pd | hi // USB_VBUS_EN/GPIO42 = VBUS_EN1
43: a2    pu | hi // USB_OC_N/GPIO43 = VBUS_OC1
44: op dh pd | hi // RP1_STAT_LED/GPIO44 = output
45: op dh pd | hi // FAN_PWM/GPIO45 = output
46: op dl pd | lo // CD1_IO0_MICCLK/GPIO46 = output
47: no    pd | lo // 2712_WAKE/GPIO47 = none
48: no    pd | lo // CD1_IO1_MICDAT1/GPIO48 = none
49: op dl pd | lo // EN_MAX_USB_CUR/GPIO49 = output
50: no    pd | -- // GPIO50 = none
51: no    pd | -- // GPIO51 = none
52: no    pu | -- // GPIO52 = none
53: no    pu | hi // GPIO53 = none
101: op dh pu | hi // 2712_BOOT_CS_N/GPIO1 = output
102: a7    pn | hi // 2712_BOOT_MISO/GPIO2 = VC_SPI0_MISO
103: a6    pn | hi // 2712_BOOT_MOSI/GPIO3 = VC_SPI0_MOSI
104: a6    pn | lo // 2712_BOOT_SCLK/GPIO4 = VC_SPI0_SCLK
110: ip    pd | lo // GPIO10 = input
111: ip    pd | lo // GPIO11 = input
112: ip    pd | lo // GPIO12 = input
113: ip    pd | lo // GPIO13 = input
114: a1    pd | lo // PCIE_SDA/GPIO14 = SPI_S_MOSI_OR_BSC_S_SDA
115: a1    pd | lo // PCIE_SCL/GPIO15 = SPI_S_SCK_OR_BSC_S_SCL
118: ip    pd | lo // GPIO18 = input
119: ip    pd | lo // GPIO19 = input
120: ip    pu | hi // PWR_GPIO/GPIO20 = input
121: ip    pd | lo // 2712_G21_FS/GPIO21 = input
122: ip    pu | hi // GPIO22 = input
123: ip    pd | lo // GPIO23 = input
124: a4    pn | lo // BT_RTS/GPIO24 = UART_RTS_0
125: a4    pu | lo // BT_CTS/GPIO25 = UART_CTS_0
126: a4    pn | hi // BT_TXD/GPIO26 = UART_TXD_0
127: a4    pu | hi // BT_RXD/GPIO27 = UART_RXD_0
128: op dh pd | hi // WL_ON/GPIO28 = output
129: op dh pd | hi // BT_ON/GPIO29 = output
130: a1    pn | hi // WIFI_SDIO_CLK/GPIO30 = SD2_CLK
131: a1    pu | hi // WIFI_SDIO_CMD/GPIO31 = SD2_CMD
132: a1    pu | hi // WIFI_SDIO_D0/GPIO32 = SD2_DAT0
133: a1    pu | hi // WIFI_SDIO_D1/GPIO33 = SD2_DAT1
134: a1    pu | hi // WIFI_SDIO_D2/GPIO34 = SD2_DAT2
135: a1    pu | hi // WIFI_SDIO_D3/GPIO35 = SD2_DAT3
200: ip    pd | hi // RP1_SDA/AON_GPIO0 = input
201: ip    pd | hi // RP1_SCL/AON_GPIO1 = input
202: op dh pd | hi // RP1_RUN/AON_GPIO2 = output
203: op dh pd | hi // SD_IOVDD_SEL/AON_GPIO3 = output
204: op dh pd | hi // SD_PWR_ON/AON_GPIO4 = output
205: a4    pu | lo // SD_CDET_N/AON_GPIO5 = SD_CARD_PRES_G
206: ip    pd | hi // SD_FLG_N/AON_GPIO6 = input
208: ip    pd | lo // 2712_WAKE/AON_GPIO8 = input
209: op dh pd | hi // 2712_STAT_LED/AON_GPIO9 = output
212: ip    pd | lo // PMIC_INT/AON_GPIO12 = input
213: a2    pu | hi // UART_TX_FS/AON_GPIO13 = VC_TXD0
214: a3    pu | hi // UART_RX_FS/AON_GPIO14 = VC_RXD0
232: a1    -- | hi // HDMI0_SCL/AON_SGPIO0 = HDMI_TX0_BSC_SCL
233: a1    -- | hi // HDMI0_SDA/AON_SGPIO1 = HDMI_TX0_BSC_SDA
234: a1    -- | hi // HDMI1_SCL/AON_SGPIO2 = HDMI_TX1_BSC_SCL
235: a1    -- | hi // HDMI1_SDA/AON_SGPIO3 = HDMI_TX1_BSC_SDA
236: a2    -- | hi // PMIC_SCL/AON_SGPIO4 = BSC_M2_SCL
237: a2    -- | hi // PMIC_SDA/AON_SGPIO5 = BSC_M2_SDA

vcdbg log messages
------------------

005172.560: *** Restart logging
005187.249: Initial voltage 800000 temp 76848
005387.349: avs_2712: AVS pred 8580 858000 temp 76848
005390.950: vpred 858 mV +0
006019.225: FB framebuffer_swap 1
006038.588: Select resolution HDMI0/2 hotplug 0 max_mode 2
006042.812: BSC_A no ACK
006046.737: BSC_A no ACK
006050.494: HDMI0: Unable to read EDID block 0
006056.344: Select resolution HDMI1/2 hotplug 0 max_mode 2
007543.476: initramfs (initramfs_2712) loaded to 0x2d232000 (size 0x1dcdae7)
007553.881: dtb_file 'bcm2712-rpi-5-b.dtb'
007640.280: Loaded overlay 'bcm2712d0'
007718.131: dtparam: i2c_arm=on
007733.502: dtparam: spi=on
007745.121: dtparam: audio=on
007750.860: Unknown dtparam 'audio' - ignored
007792.178: Loaded overlay 'vc4-fkms-v3d-pi4'
007795.196: dtparam: uart0=on
007875.975: Loaded overlay 'w1-gpio-pi5'
007981.320: Read command line from file 'cmdline.txt':
007987.824: 'console=serial0,115200 console=tty1 root=PARTUUID=7739ea10-02 rootfstype=ext4 fsck.repair=yes rootwait quiet splash plymouth.ignore-serial-consoles cfg80211.ieee80211_regdom=CN'
008185.990: RPM 0, max RPM 0
009931.657: Device tree loaded to 0x2d21e500 (size 0x13a8c)
010000.957: Starting OS 10000 ms
010006.564: 00000040: -> 00000480
010008.413: 00000030: -> 00100080
010013.126: 00000034: -> 00100080
010017.839: 00000038: -> 00100080
010022.551: 0000003c: -> 00100080
070115.984: initial_turbo of 60 deactivated

dmesg log
---------

[    0.000000] Booting Linux on physical CPU 0x0000000000 [0x414fd0b1]
[    0.000000] Linux version 6.12.75+rpt-rpi-2712 (serge@raspberrypi.com) (aarch64-linux-gnu-gcc-14 (Debian 14.2.0-19) 14.2.0, GNU ld (GNU Binutils for Debian) 2.44) #1 SMP PREEMPT Debian 1:6.12.75-1+rpt1 (2026-03-11)
[    0.000000] KASLR enabled
[    0.000000] random: crng init done
[    0.000000] Machine model: Raspberry Pi 5 Model B Rev 1.1
[    0.000000] efi: UEFI not found.
[    0.000000] Reserved memory: created CMA memory pool at 0x000000000c000000, size 512 MiB
[    0.000000] OF: reserved mem: initialized node linux,cma, compatible id shared-dma-pool
[    0.000000] OF: reserved mem: 0x000000000c000000..0x000000002bffffff (524288 KiB) map reusable linux,cma
[    0.000000] OF: reserved mem: 0x0000000000000000..0x000000000007ffff (512 KiB) nomap non-reusable atf@0
[    0.000000] OF: reserved mem: 0x000000003fd16640..0x000000003fd1667d (0 KiB) nomap non-reusable nvram@0
[    0.000000] NUMA: Faking a node at [mem 0x0000000000000000-0x00000000ffffffff]
[    0.000000] cma: CMA linux,cma [c000000-2bffffff] straddles range [0-20000000]
[    0.000000] NODE_DATA(0) allocated [mem 0xffd9bd00-0xffd9eaff]
[    0.000000] Zone ranges:
[    0.000000]   DMA      [mem 0x0000000000000000-0x00000000ffffffff]
[    0.000000]   DMA32    empty
[    0.000000]   Normal   empty
[    0.000000] Movable zone start for each node
[    0.000000] Early memory node ranges
[    0.000000]   node   0: [mem 0x0000000000000000-0x000000000007ffff]
[    0.000000]   node   0: [mem 0x0000000000080000-0x000000003fbfffff]
[    0.000000]   node   0: [mem 0x0000000040000000-0x00000000ffffffff]
[    0.000000] Initmem setup node 0 [mem 0x0000000000000000-0x00000000ffffffff]
[    0.000000] On node 0, zone DMA: 256 pages in unavailable ranges
[    0.000000] psci: probing for conduit method from DT.
[    0.000000] psci: PSCIv1.1 detected in firmware.
[    0.000000] psci: Using standard PSCI v0.2 function IDs
[    0.000000] psci: MIGRATE_INFO_TYPE not supported.
[    0.000000] psci: SMC Calling Convention v1.2
[    0.000000] percpu: Embedded 15 pages/cpu s193560 r8192 d44008 u245760
[    0.000000] pcpu-alloc: s193560 r8192 d44008 u245760 alloc=15*16384
[    0.000000] pcpu-alloc: [0] 0 [0] 1 [0] 2 [0] 3 
[    0.000000] Detected PIPT I-cache on CPU0
[    0.000000] CPU features: detected: Virtualization Host Extensions
[    0.000000] CPU features: detected: Spectre-v4
[    0.000000] CPU features: detected: Spectre-BHB
[    0.000000] CPU features: kernel page table isolation forced ON by KASLR
[    0.000000] CPU features: detected: Kernel page table isolation (KPTI)
[    0.000000] CPU features: detected: SSBS not fully self-synchronizing
[    0.000000] alternatives: applying boot alternatives
[    0.000000] Kernel command line: reboot=w coherent_pool=1M 8250.nr_uarts=1 pci=pcie_bus_safe cgroup_disable=memory numa_policy=interleave nvme.max_host_mem_size_mb=0 clk_ignore_unused  numa=fake=8 system_heap.max_order=0 smsc95xx.macaddr=m.m.m.m vc_mem.mem_base=0x3fc00000 vc_mem.mem_size=0x40000000  console=ttyAMA10,115200 console=tty1 root=PARTUUID=7739ea10-02 rootfstype=ext4 fsck.repair=yes rootwait quiet splash plymouth.ignore-serial-consoles cfg80211.ieee80211_regdom=CN
[    0.000000] cgroup: Disabling memory control group subsystem
[    0.000000] mempolicy: NUMA default policy overridden to 'interleave:0'
[    0.000000] Unknown kernel command line parameters "splash", will be passed to user space.
[    0.000000] Dentry cache hash table entries: 524288 (order: 8, 4194304 bytes, linear)
[    0.000000] Inode-cache hash table entries: 262144 (order: 7, 2097152 bytes, linear)
[    0.000000] Fallback order for Node 0: 0 
[    0.000000] Built 1 zonelists, mobility grouping on.  Total pages: 261888
[    0.000000] Policy zone: DMA
[    0.000000] mem auto-init: stack:all(zero), heap alloc:off, heap free:off
[    0.000000] SLUB: HWalign=64, Order=0-3, MinObjects=0, CPUs=4, Nodes=1
[    0.000000] ftrace: allocating 45326 entries in 45 pages
[    0.000000] ftrace: allocated 45 pages with 4 groups
[    0.000000] rcu: Preemptible hierarchical RCU implementation.
[    0.000000] rcu: 	RCU event tracing is enabled.
[    0.000000] 	Trampoline variant of Tasks RCU enabled.
[    0.000000] 	Rude variant of Tasks RCU enabled.
[    0.000000] 	Tracing variant of Tasks RCU enabled.
[    0.000000] rcu: RCU calculated value of scheduler-enlistment delay is 25 jiffies.
[    0.000000] RCU Tasks: Setting shift to 2 and lim to 1 rcu_task_cb_adjust=1 rcu_task_cpu_ids=4.
[    0.000000] RCU Tasks Rude: Setting shift to 2 and lim to 1 rcu_task_cb_adjust=1 rcu_task_cpu_ids=4.
[    0.000000] RCU Tasks Trace: Setting shift to 2 and lim to 1 rcu_task_cb_adjust=1 rcu_task_cpu_ids=4.
[    0.000000] NR_IRQS: 64, nr_irqs: 64, preallocated irqs: 0
[    0.000000] Root IRQ handler: gic_handle_irq
[    0.000000] GIC: Using split EOI/Deactivate mode
[    0.000000] rcu: srcu_init: Setting srcu_struct sizes based on contention.
[    0.000000] arch_timer: cp15 timer(s) running at 54.00MHz (phys).
[    0.000000] clocksource: arch_sys_counter: mask: 0xffffffffffffff max_cycles: 0xc743ce346, max_idle_ns: 440795203123 ns
[    0.000000] sched_clock: 56 bits at 54MHz, resolution 18ns, wraps every 4398046511102ns
[    0.000091] Console: colour dummy device 80x25
[    0.000097] printk: legacy console [tty1] enabled
[    0.000150] Calibrating delay loop (skipped), value calculated using timer frequency.. 108.00 BogoMIPS (lpj=216000)
[    0.000154] pid_max: default: 32768 minimum: 301
[    0.000173] LSM: initializing lsm=capability
[    0.000245] Mount-cache hash table entries: 8192 (order: 2, 65536 bytes, linear)
[    0.000259] Mountpoint-cache hash table entries: 8192 (order: 2, 65536 bytes, linear)
[    0.000965] rcu: Hierarchical SRCU implementation.
[    0.000969] rcu: 	Max phase no-delay instances is 1000.
[    0.001012] Timer migration: 1 hierarchy levels; 8 children per group; 1 crossnode level
[    0.001341] EFI services will not be available.
[    0.001395] smp: Bringing up secondary CPUs ...
[    0.001581] Detected PIPT I-cache on CPU1
[    0.001617] CPU1: Booted secondary processor 0x0000000100 [0x414fd0b1]
[    0.001833] Detected PIPT I-cache on CPU2
[    0.001863] CPU2: Booted secondary processor 0x0000000200 [0x414fd0b1]
[    0.002070] Detected PIPT I-cache on CPU3
[    0.002089] CPU3: Booted secondary processor 0x0000000300 [0x414fd0b1]
[    0.002118] smp: Brought up 1 node, 4 CPUs
[    0.002124] SMP: Total of 4 processors activated.
[    0.002126] CPU: All CPU(s) started at EL2
[    0.002129] CPU features: detected: 32-bit EL0 Support
[    0.002131] CPU features: detected: Data cache clean to the PoU not required for I/D coherence
[    0.002133] CPU features: detected: Common not Private translations
[    0.002134] CPU features: detected: CRC32 instructions
[    0.002137] CPU features: detected: RCpc load-acquire (LDAPR)
[    0.002138] CPU features: detected: LSE atomic instructions
[    0.002139] CPU features: detected: Privileged Access Never
[    0.002141] CPU features: detected: RAS Extension Support
[    0.002142] CPU features: detected: Speculative Store Bypassing Safe (SSBS)
[    0.002167] alternatives: applying system-wide alternatives
[    0.003836] CPU features: detected: Hardware dirty bit management on CPU0-3
[    0.004049] Memory: 3576768K/4190208K available (14336K kernel code, 2432K rwdata, 4944K rodata, 2304K init, 647K bss, 82160K reserved, 524288K cma-reserved)
[    0.004201] devtmpfs: initialized
[    0.006216] Enabled cp15_barrier support
[    0.006222] Enabled setend support
[    0.006277] clocksource: jiffies: mask: 0xffffffff max_cycles: 0xffffffff, max_idle_ns: 7645041785100000 ns
[    0.006282] futex hash table entries: 1024 (order: 2, 65536 bytes, linear)
[    0.007447] 2G module region forced by RANDOMIZE_MODULE_REGION_FULL
[    0.007451] 0 pages in range for non-PLT usage
[    0.007453] 129508 pages in range for PLT usage
[    0.007527] pinctrl core: initialized pinctrl subsystem
[    0.007692] DMI not present or invalid.
[    0.008318] NET: Registered PF_NETLINK/PF_ROUTE protocol family
[    0.008699] DMA: preallocated 1024 KiB GFP_KERNEL pool for atomic allocations
[    0.008754] DMA: preallocated 1024 KiB GFP_KERNEL|GFP_DMA pool for atomic allocations
[    0.008810] DMA: preallocated 1024 KiB GFP_KERNEL|GFP_DMA32 pool for atomic allocations
[    0.008825] audit: initializing netlink subsys (disabled)
[    0.008873] audit: type=2000 audit(0.008:1): state=initialized audit_enabled=0 res=1
[    0.008976] thermal_sys: Registered thermal governor 'step_wise'
[    0.008985] cpuidle: using governor menu
[    0.009035] hw-breakpoint: found 6 breakpoint and 4 watchpoint registers.
[    0.009058] ASID allocator initialised with 32768 entries
[    0.009272] Serial: AMBA PL011 UART driver
[    0.009912] /soc@107c000000/interrupt-controller@7fff9000: Fixed dependency cycle(s) with /soc@107c000000/interrupt-controller@7fff9000
[    0.010062] bcm2835-mbox 107c013880.mailbox: mailbox enabled
[    0.010182] 107d001000.serial: ttyAMA10 at MMIO 0x107d001000 (irq = 16, base_baud = 0) is a PL011 AXI
[    0.010192] printk: legacy console [ttyAMA10] enabled
[    0.016010] raspberrypi-firmware soc@107c000000:firmware: Attached to firmware from 2025-06-13T09:39:26, variant start_cd
[    0.020009] raspberrypi-firmware soc@107c000000:firmware: Firmware hash is 5855b10b00000000000000000000000000000000
[    0.028325] bcm2835-dma 1000010000.dma: DMA legacy API manager, dmachans=0x1
[    0.028581] iommu: Default domain type: Translated
[    0.028583] iommu: DMA domain TLB invalidation policy: strict mode
[    0.028888] SCSI subsystem initialized
[    0.028921] usbcore: registered new interface driver usbfs
[    0.028932] usbcore: registered new interface driver hub
[    0.028938] usbcore: registered new device driver usb
[    0.029008] pps_core: LinuxPPS API ver. 1 registered
[    0.029009] pps_core: Software ver. 5.3.6 - Copyright 2005-2007 Rodolfo Giometti <giometti@linux.it>
[    0.029012] PTP clock support registered
[    0.029880] vgaarb: loaded
[    0.030010] clocksource: Switched to clocksource arch_sys_counter
[    0.033661] VFS: Disk quotas dquot_6.6.0
[    0.033679] VFS: Dquot-cache hash table entries: 2048 (order 0, 16384 bytes)
[    0.034708] NET: Registered PF_INET protocol family
[    0.034864] IP idents hash table entries: 65536 (order: 5, 524288 bytes, linear)
[    0.036003] tcp_listen_portaddr_hash hash table entries: 2048 (order: 1, 32768 bytes, linear)
[    0.036026] Table-perturb hash table entries: 65536 (order: 4, 262144 bytes, linear)
[    0.036031] TCP established hash table entries: 32768 (order: 4, 262144 bytes, linear)
[    0.036122] TCP bind hash table entries: 32768 (order: 6, 1048576 bytes, linear)
[    0.036915] TCP: Hash tables configured (established 32768 bind 32768)
[    0.037030] MPTCP token hash table entries: 4096 (order: 3, 98304 bytes, linear)
[    0.037104] UDP hash table entries: 2048 (order: 2, 65536 bytes, linear)
[    0.037138] UDP-Lite hash table entries: 2048 (order: 2, 65536 bytes, linear)
[    0.037217] NET: Registered PF_UNIX/PF_LOCAL protocol family
[    0.037427] RPC: Registered named UNIX socket transport module.
[    0.037429] RPC: Registered udp transport module.
[    0.037431] RPC: Registered tcp transport module.
[    0.037432] RPC: Registered tcp-with-tls transport module.
[    0.037433] RPC: Registered tcp NFSv4.1 backchannel transport module.
[    0.037441] PCI: CLS 0 bytes, default 64
[    0.037608] Trying to unpack rootfs image as initramfs...
[    0.044430] kvm [1]: nv: 554 coarse grained trap handlers
[    0.044666] kvm [1]: IPA Size Limit: 40 bits
[    0.044709] kvm [1]: GICV region size/alignment is unsafe, using trapping (reduced performance)
[    0.044808] kvm [1]: vgic interrupt IRQ9
[    0.044836] kvm [1]: VHE mode initialized successfully
[    0.210793] Initialise system trusted keyrings
[    0.211151] workingset: timestamp_bits=42 max_order=18 bucket_order=0
[    0.211689] NFS: Registering the id_resolver key type
[    0.211704] Key type id_resolver registered
[    0.211705] Key type id_legacy registered
[    0.211712] nfs4filelayout_init: NFSv4 File Layout Driver Registering...
[    0.211714] nfs4flexfilelayout_init: NFSv4 Flexfile Layout Driver Registering...
[    0.214250] Key type asymmetric registered
[    0.214254] Asymmetric key parser 'x509' registered
[    0.214274] Block layer SCSI generic (bsg) driver version 0.4 loaded (major 247)
[    0.214373] io scheduler mq-deadline registered
[    0.214378] io scheduler kyber registered
[    0.214389] io scheduler bfq registered
[    0.218509] irq_brcmstb_l2: registered L2 intc (/soc@107c000000/intc@7d508380, parent irq: 27)
[    0.218600] irq_brcmstb_l2: registered L2 intc (/soc@107c000000/intc@7d508400, parent irq: 28)
[    0.218638] irq_brcmstb_l2: registered L2 intc (/soc@107c000000/intc@7d503000, parent irq: 29)
[    0.219930] ledtrig-cpu: registered to indicate activity on CPUs
[    0.292784] Freeing initrd memory: 30496K
[    0.323083] Serial: 8250/16550 driver, 1 ports, IRQ sharing enabled
[    0.323373] 107d50c000.serial: ttyS0 at MMIO 0x107d50c000 (irq = 31, base_baud = 6000000) is a Broadcom BCM7271 UART
[    0.323415] serial serial0: tty port ttyS0 registered
[    0.323655] iproc-rng200 107d208000.rng: hwrng registered
[    0.323684] vc-mem: phys_addr:0x00000000 mem_base=0x3fc00000 mem_size:0x40000000(1024 MiB)
[    0.323860] bcm2712-iommu-cache 1000005b00.iommuc: bcm2712_iommu_cache_probe
[    0.325069] brd: module loaded
[    0.325980] loop: module loaded
[    0.326099] bcm2835-power bcm2835-power: Broadcom BCM2835 power domains driver
[    0.326212] Loading iSCSI transport class v2.0-870.
[    0.326894] usbcore: registered new interface driver lan78xx
[    0.326902] usbcore: registered new interface driver smsc95xx
[    0.326948] dwc_otg: version 3.00a 10-AUG-2012 (platform bus)
[    0.326961] dwc_otg: FIQ enabled
[    0.326963] dwc_otg: NAK holdoff enabled
[    0.326964] dwc_otg: FIQ split-transaction FSM enabled
[    0.326966] Module dwc_common_port init
[    0.327159] usbcore: registered new interface driver uas
[    0.327166] usbcore: registered new interface driver usb-storage
[    0.327228] mousedev: PS/2 mouse device common for all mice
[    0.334698] rpi-rtc soc@107c000000:rpi_rtc: registered as rtc0
[    0.336073] rpi-rtc soc@107c000000:rpi_rtc: setting system clock to 2026-03-27T11:22:08 UTC (1774610528)
[    0.336396] bcm2835-wdt bcm2835-wdt: Poweroff handler already present!
[    0.336399] bcm2835-wdt bcm2835-wdt: Broadcom BCM2835 watchdog timer
[    0.338436] sdhci: Secure Digital Host Controller Interface driver
[    0.338437] sdhci: Copyright(c) Pierre Ossman
[    0.338462] sdhci-pltfm: SDHCI platform and OF driver helper
[    0.338528] SMCCC: SOC_ID: ARCH_SOC_ID not implemented, skipping ....
[    0.338540] hid: raw HID events driver (C) Jiri Kosina
[    0.338557] usbcore: registered new interface driver usbhid
[    0.338558] usbhid: USB HID core driver
[    0.338837] hw perfevents: enabled with armv8_cortex_a76 PMU driver, 7 (0,8000003f) counters available
[    0.339049] NET: Registered PF_PACKET protocol family
[    0.339073] Key type dns_resolver registered
[    0.342732] registered taskstats version 1
[    0.342797] Loading compiled-in X.509 certificates
[    0.344409] Demotion targets for Node 0: null
[    0.344571] Key type .fscrypt registered
[    0.344573] Key type fscrypt-provisioning registered
[    0.345515] brcm-pcie 1000120000.pcie: host bridge /axi/pcie@1000120000 ranges:
[    0.345522] brcm-pcie 1000120000.pcie:   No bus range found for /axi/pcie@1000120000, using [bus 00-ff]
[    0.345530] brcm-pcie 1000120000.pcie:      MEM 0x1f00000000..0x1ffffffffb -> 0x0000000000
[    0.345535] brcm-pcie 1000120000.pcie:      MEM 0x1c00000000..0x1effffffff -> 0x0400000000
[    0.345540] brcm-pcie 1000120000.pcie:   IB MEM 0x1f00000000..0x1f003fffff -> 0x0000000000
[    0.345545] brcm-pcie 1000120000.pcie:   IB MEM 0x0000000000..0x0fffffffff -> 0x1000000000
[    0.345548] brcm-pcie 1000120000.pcie:   IB MEM 0x1000130000..0x1000130fff -> 0xfffffff000
[    0.347094] brcm-pcie 1000120000.pcie: PCI host bridge to bus 0002:00
[    0.347099] pci_bus 0002:00: root bus resource [bus 00-ff]
[    0.347102] pci_bus 0002:00: root bus resource [mem 0x1f00000000-0x1ffffffffb] (bus address [0x00000000-0xfffffffb])
[    0.347105] pci_bus 0002:00: root bus resource [mem 0x1c00000000-0x1effffffff pref] (bus address [0x400000000-0x6ffffffff])
[    0.347122] pci 0002:00:00.0: [14e4:2712] type 01 class 0x060400 PCIe Root Port
[    0.347128] pci 0002:00:00.0: PCI bridge to [bus 00]
[    0.347131] pci 0002:00:00.0:   bridge window [mem 0x1f80000000-0x1fbfffffff]
[    0.347150] pci 0002:00:00.0: PME# supported from D0 D3hot
[    0.347716] pci 0002:00:00.0: bridge configuration invalid ([bus 00-00]), reconfiguring
[    0.450021] brcm-pcie 1000120000.pcie: clkreq-mode set to default
[    0.450025] brcm-pcie 1000120000.pcie: link up, 5.0 GT/s PCIe x4 (!SSC)
[    0.450047] pci 0002:01:00.0: [1de4:0001] type 00 class 0x020000 PCIe Endpoint
[    0.450060] pci 0002:01:00.0: BAR 0 [mem 0xffffc000-0xffffffff]
[    0.450067] pci 0002:01:00.0: BAR 1 [mem 0xffc00000-0xffffffff]
[    0.450073] pci 0002:01:00.0: BAR 2 [mem 0xffff0000-0xffffffff]
[    0.450138] pci 0002:01:00.0: supports D1
[    0.450140] pci 0002:01:00.0: PME# supported from D0 D1 D3hot D3cold
[    0.458022] pci_bus 0002:01: busn_res: [bus 01-ff] end is updated to 01
[    0.458034] pci 0002:00:00.0: bridge window [mem 0x1f00000000-0x1f005fffff]: assigned
[    0.458037] pci 0002:01:00.0: BAR 1 [mem 0x1f00000000-0x1f003fffff]: assigned
[    0.458041] pci 0002:01:00.0: BAR 2 [mem 0x1f00400000-0x1f0040ffff]: assigned
[    0.458045] pci 0002:01:00.0: BAR 0 [mem 0x1f00410000-0x1f00413fff]: assigned
[    0.458049] pci 0002:00:00.0: PCI bridge to [bus 01]
[    0.458051] pci 0002:00:00.0:   bridge window [mem 0x1f00000000-0x1f005fffff]
[    0.458054] pci_bus 0002:00: resource 4 [mem 0x1f00000000-0x1ffffffffb]
[    0.458056] pci_bus 0002:00: resource 5 [mem 0x1c00000000-0x1effffffff pref]
[    0.458058] pci_bus 0002:01: resource 1 [mem 0x1f00000000-0x1f005fffff]
[    0.458061] pci 0002:00:00.0: Max Payload Size set to  256/ 512 (was  128), Max Read Rq  512
[    0.458068] pci 0002:01:00.0: Max Payload Size set to  256/ 256 (was  128), Max Read Rq  512
[    0.458149] pcieport 0002:00:00.0: enabling device (0000 -> 0002)
[    0.458178] pcieport 0002:00:00.0: PME: Signaling with IRQ 36
[    0.458229] pcieport 0002:00:00.0: AER: enabled with IRQ 36
[    0.458318] rp1 0002:01:00.0: bar0 len 0x4000, start 0x1f00410000, end 0x1f00413fff, flags, 0x40200
[    0.458321] rp1 0002:01:00.0: bar1 len 0x400000, start 0x1f00000000, end 0x1f003fffff, flags, 0x40200
[    0.458332] rp1 0002:01:00.0: enabling device (0000 -> 0002)
[    0.458945] rp1 0002:01:00.0: chip_id 0x20001927
[    0.463467] bcm2712-iommu 1000005100.iommu: IOVA aperture 0xa00000000..0xb00000000 including DMA offset 0x0
[    0.463487] bcm2712-iommu 1000005100.iommu: bcm2712_iommu_init: DEBUG_INFO = 0x20804774
[    0.463555] bcm2712-iommu 1000005200.iommu: IOVA aperture 0xa00000000..0xa80000000 including DMA offset 0x0
[    0.463568] bcm2712-iommu 1000005200.iommu: bcm2712_iommu_init: DEBUG_INFO = 0x20804774
[    0.463614] bcm2712-iommu 1000005280.iommu: IOVA aperture 0x1a00000000..0x1a80000000 including DMA offset 0x1000000000
[    0.463627] bcm2712-iommu 1000005280.iommu: bcm2712_iommu_init: DEBUG_INFO = 0x20804774
[    0.463964] genirq: irq_chip rp1_irq_chip did not update eff. affinity mask of irq 98
[    0.464091] sdhci-brcmstb 1000fff000.mmc: Got CD GPIO
[    0.464190] mmc0: CQHCI version 5.10
[    0.464371] mmc1: CQHCI version 5.10
[    0.481488] macb 1f00100000.ethernet eth0: Cadence GEM rev 0x00070109 at 0x1f00100000 irq 104 (m.m.m.m)
[    0.482209] dw_axi_dmac_platform 1f00188000.dma: DesignWare AXI DMA Controller, 8 channels
[    0.482423] xhci-hcd xhci-hcd.0: xHCI Host Controller
[    0.482429] xhci-hcd xhci-hcd.0: new USB bus registered, assigned bus number 1
[    0.482862] xhci-hcd xhci-hcd.0: hcc params 0x0240fe6d hci version 0x110 quirks 0x0000808000000810
[    0.482870] xhci-hcd xhci-hcd.0: irq 129, io mem 0x1f00200000
[    0.482924] xhci-hcd xhci-hcd.0: xHCI Host Controller
[    0.482926] xhci-hcd xhci-hcd.0: new USB bus registered, assigned bus number 2
[    0.482928] xhci-hcd xhci-hcd.0: Host supports USB 3.0 SuperSpeed
[    0.482967] usb usb1: New USB device found, idVendor=1d6b, idProduct=0002, bcdDevice= 6.12
[    0.482970] usb usb1: New USB device strings: Mfr=3, Product=2, SerialNumber=1
[    0.482972] usb usb1: Product: xHCI Host Controller
[    0.482974] usb usb1: Manufacturer: Linux 6.12.75+rpt-rpi-2712 xhci-hcd
[    0.482976] usb usb1: SerialNumber: xhci-hcd.0
[    0.483075] hub 1-0:1.0: USB hub found
[    0.483087] hub 1-0:1.0: 2 ports detected
[    0.483182] usb usb2: New USB device found, idVendor=1d6b, idProduct=0003, bcdDevice= 6.12
[    0.483185] usb usb2: New USB device strings: Mfr=3, Product=2, SerialNumber=1
[    0.483187] usb usb2: Product: xHCI Host Controller
[    0.483188] usb usb2: Manufacturer: Linux 6.12.75+rpt-rpi-2712 xhci-hcd
[    0.483190] usb usb2: SerialNumber: xhci-hcd.0
[    0.483247] hub 2-0:1.0: USB hub found
[    0.483256] hub 2-0:1.0: 1 port detected
[    0.483455] xhci-hcd xhci-hcd.1: xHCI Host Controller
[    0.483458] xhci-hcd xhci-hcd.1: new USB bus registered, assigned bus number 3
[    0.483882] xhci-hcd xhci-hcd.1: hcc params 0x0240fe6d hci version 0x110 quirks 0x0000808000000810
[    0.483890] xhci-hcd xhci-hcd.1: irq 134, io mem 0x1f00300000
[    0.483944] xhci-hcd xhci-hcd.1: xHCI Host Controller
[    0.483948] xhci-hcd xhci-hcd.1: new USB bus registered, assigned bus number 4
[    0.483950] xhci-hcd xhci-hcd.1: Host supports USB 3.0 SuperSpeed
[    0.483975] usb usb3: New USB device found, idVendor=1d6b, idProduct=0002, bcdDevice= 6.12
[    0.483977] usb usb3: New USB device strings: Mfr=3, Product=2, SerialNumber=1
[    0.483979] usb usb3: Product: xHCI Host Controller
[    0.483981] usb usb3: Manufacturer: Linux 6.12.75+rpt-rpi-2712 xhci-hcd
[    0.483982] usb usb3: SerialNumber: xhci-hcd.1
[    0.484044] hub 3-0:1.0: USB hub found
[    0.484055] hub 3-0:1.0: 2 ports detected
[    0.484134] usb usb4: New USB device found, idVendor=1d6b, idProduct=0003, bcdDevice= 6.12
[    0.484136] usb usb4: New USB device strings: Mfr=3, Product=2, SerialNumber=1
[    0.484138] usb usb4: Product: xHCI Host Controller
[    0.484139] usb usb4: Manufacturer: Linux 6.12.75+rpt-rpi-2712 xhci-hcd
[    0.484141] usb usb4: SerialNumber: xhci-hcd.1
[    0.484198] hub 4-0:1.0: USB hub found
[    0.484208] hub 4-0:1.0: 1 port detected
[    0.484678] pl011-axi 1f00030000.serial: cts_event_workaround enabled
[    0.484761] 1f00030000.serial: ttyAMA0 at MMIO 0x1f00030000 (irq = 123, base_baud = 0) is a PL011 AXI
[    0.485255] of_cfs_init
[    0.485286] of_cfs_init: OK
[    0.485393] clk: Not disabling unused clocks
[    0.485396] PM: genpd: Disabling unused power domains
[    0.498016] mmc0: SDHCI controller on 1000fff000.mmc [1000fff000.mmc] using ADMA 64-bit
[    0.599843] mmc0: new ultra high speed SDR104 SDHC card at address aaaa
[    0.600017] mmcblk0: mmc0:aaaa SD32G 29.7 GiB
[    0.601039]  mmcblk0: p1 p2
[    0.601104] mmcblk0: mmc0:aaaa SD32G 29.7 GiB (quirks 0x00004000)
[    0.652552] mmc1: SDHCI controller on 1001100000.mmc [1001100000.mmc] using ADMA 64-bit
[    0.653974] Freeing unused kernel memory: 2304K
[    0.654078] Run /init as init process
[    0.654080]   with arguments:
[    0.654082]     /init
[    0.654083]     splash
[    0.654085]   with environment:
[    0.654085]     HOME=/
[    0.654086]     TERM=linux
[    0.682595] mmc1: new ultra high speed DDR50 SDIO card at address 0001
[    0.810952] v3d 1002000000.v3d: [drm] Transparent Hugepage support is recommended for optimal performance on this platform!
[    0.811414] [drm] Initialized v3d 1.0.0 for 1002000000.v3d on minor 0
[    0.837221] vc4-drm axi:gpu: bcm2712_iommu_of_xlate: MMU 1000005200.iommu
[    0.837230] vc4-drm axi:gpu: bcm2712_iommu_probe_device: MMU 1000005200.iommu
[    0.837237] vc4-drm axi:gpu: bcm2712_iommu_device_group: MMU 1000005200.iommu
[    0.837241] vc4-drm axi:gpu: Adding to iommu group 1
[    0.837247] vc4-drm axi:gpu: bcm2712_iommu_attach_dev: MMU 1000005200.iommu
[    0.839951] [drm] No displays found. Consider forcing hotplug if HDMI is attached
[    0.839957] vc4-drm axi:gpu: bound firmwarekms (ops vc4_fkms_ops [vc4])
[    0.840081] [drm] Initialized vc4 0.0.0 for axi:gpu on minor 1
[    0.840096] vc4-drm axi:gpu: [drm] No compatible format found
[    0.840101] vc4-drm axi:gpu: [drm] Cannot find any crtc or sizes
[    1.088266] EXT4-fs (mmcblk0p2): orphan cleanup on readonly fs
[    1.088775] EXT4-fs (mmcblk0p2): mounted filesystem 37d2cb52-513e-40e1-b90f-213aa6096cba ro with ordered data mode. Quota mode: none.
[    1.442663] NET: Registered PF_INET6 protocol family
[    1.442991] Segment Routing with IPv6
[    1.443000] In-situ OAM (IOAM) with IPv6
[    1.474428] systemd[1]: systemd 257.9-1~deb13u1 running in system mode (+PAM +AUDIT +SELINUX +APPARMOR +IMA +IPE +SMACK +SECCOMP +GCRYPT -GNUTLS +OPENSSL +ACL +BLKID +CURL +ELFUTILS +FIDO2 +IDN2 -IDN +IPTC +KMOD +LIBCRYPTSETUP +LIBCRYPTSETUP_PLUGINS +LIBFDISK +PCRE2 +PWQUALITY +P11KIT +QRENCODE +TPM2 +BZIP2 +LZ4 +XZ +ZLIB +ZSTD +BPF_FRAMEWORK +BTF -XKBCOMMON -UTMP +SYSVINIT +LIBARCHIVE)
[    1.474436] systemd[1]: Detected architecture arm64.
[    1.481199] systemd[1]: Hostname set to <raspberrypi>.
[    1.590134] systemd[1]: bpf-restrict-fs: BPF LSM hook not enabled in the kernel, BPF LSM not supported.
[    1.590291] systemd[1]: Using hardware watchdog 'Broadcom BCM2835 Watchdog timer', version 0, device /dev/watchdog0
[    1.590301] systemd[1]: Watchdog running with a hardware timeout of 1min.
[    1.711382] zram_generator::config[234]: zram0: system has too much memory (4043MB), limit is 0MB, ignoring.
[    2.431934] systemd[1]: Queued start job for default target graphical.target.
[    2.466890] systemd[1]: Created slice system-getty.slice - Slice /system/getty.
[    2.467180] systemd[1]: Created slice system-modprobe.slice - Slice /system/modprobe.
[    2.467398] systemd[1]: Created slice system-rpi\x2dsetup\x2dloop.slice - Slice /system/rpi-setup-loop.
[    2.467612] systemd[1]: Created slice system-serial\x2dgetty.slice - Slice /system/serial-getty.
[    2.467820] systemd[1]: Created slice system-systemd\x2dfsck.slice - Slice /system/systemd-fsck.
[    2.468031] systemd[1]: Created slice system-systemd\x2dzram\x2dsetup.slice - Slice /system/systemd-zram-setup.
[    2.468132] systemd[1]: Created slice user.slice - User and Session Slice.
[    2.468186] systemd[1]: Started systemd-ask-password-wall.path - Forward Password Requests to Wall Directory Watch.
[    2.468350] systemd[1]: Set up automount proc-sys-fs-binfmt_misc.automount - Arbitrary Executable File Formats File System Automount Point.
[    2.468371] systemd[1]: Expecting device dev-disk-by\x2dpartuuid-7739ea10\x2d01.device - /dev/disk/by-partuuid/7739ea10-01...
[    2.468380] systemd[1]: Expecting device dev-dri-card0.device - /dev/dri/card0...
[    2.468387] systemd[1]: Expecting device dev-dri-renderD128.device - /dev/dri/renderD128...
[    2.468394] systemd[1]: Expecting device dev-ttyAMA10.device - /dev/ttyAMA10...
[    2.468400] systemd[1]: Expecting device dev-zram0.device - /dev/zram0...
[    2.468447] systemd[1]: Reached target nss-user-lookup.target - User and Group Name Lookups.
[    2.468467] systemd[1]: Reached target slices.target - Slice Units.
[    2.468485] systemd[1]: Reached target snapd.mounts-pre.target - Mounting snaps.
[    2.468495] systemd[1]: Reached target snapd.mounts.target - Mounted snaps.
[    2.471051] systemd[1]: Listening on rpcbind.socket - RPCbind Server Activation Socket.
[    2.472390] systemd[1]: Listening on systemd-creds.socket - Credential Encryption/Decryption.
[    2.472472] systemd[1]: Listening on systemd-initctl.socket - initctl Compatibility Named Pipe.
[    2.472540] systemd[1]: Listening on systemd-journald-dev-log.socket - Journal Socket (/dev/log).
[    2.472629] systemd[1]: Listening on systemd-journald.socket - Journal Sockets.
[    2.472662] systemd[1]: systemd-pcrextend.socket - TPM PCR Measurements was skipped because of an unmet condition check (ConditionSecurity=measured-uki).
[    2.472675] systemd[1]: systemd-pcrlock.socket - Make TPM PCR Policy was skipped because of an unmet condition check (ConditionSecurity=measured-uki).
[    2.472737] systemd[1]: Listening on systemd-udevd-control.socket - udev Control Socket.
[    2.472794] systemd[1]: Listening on systemd-udevd-kernel.socket - udev Kernel Socket.
[    2.472906] systemd[1]: dev-hugepages.mount - Huge Pages File System was skipped because of an unmet condition check (ConditionPathExists=/sys/kernel/mm/hugepages).
[    2.474236] systemd[1]: Mounting dev-mqueue.mount - POSIX Message Queue File System...
[    2.474855] systemd[1]: Mounting run-lock.mount - Legacy Locks Directory /run/lock...
[    2.475318] systemd[1]: Mounting sys-kernel-debug.mount - Kernel Debug File System...
[    2.476043] systemd[1]: Mounting sys-kernel-tracing.mount - Kernel Trace File System...
[    2.476252] systemd[1]: auth-rpcgss-module.service - Kernel Module supporting RPCSEC_GSS was skipped because of an unmet condition check (ConditionPathExists=/etc/krb5.keytab).
[    2.478936] systemd[1]: Starting keyboard-setup.service - Set the console keyboard layout...
[    2.482840] systemd[1]: Starting kmod-static-nodes.service - Create List of Static Device Nodes...
[    2.486729] systemd[1]: Starting modprobe@configfs.service - Load Kernel Module configfs...
[    2.495758] systemd[1]: Starting modprobe@drm.service - Load Kernel Module drm...
[    2.501345] systemd[1]: Starting modprobe@efi_pstore.service - Load Kernel Module efi_pstore...
[    2.503718] systemd[1]: Starting modprobe@fuse.service - Load Kernel Module fuse...
[    2.503914] systemd[1]: systemd-fsck-root.service - File System Check on Root Device was skipped because of an unmet condition check (ConditionPathExists=!/run/initramfs/fsck-root).
[    2.503955] systemd[1]: systemd-hibernate-clear.service - Clear Stale Hibernate Storage Info was skipped because of an unmet condition check (ConditionPathExists=/sys/firmware/efi/efivars/HibernateLocation-8cf2644b-4b0b-428f-9387-6d876050dc67).
[    2.509910] systemd[1]: Starting systemd-journald.service - Journal Service...
[    2.517538] systemd[1]: Starting systemd-modules-load.service - Load Kernel Modules...
[    2.517586] systemd[1]: systemd-pcrmachine.service - TPM PCR Machine ID Measurement was skipped because of an unmet condition check (ConditionSecurity=measured-uki).
[    2.520615] systemd[1]: Starting systemd-remount-fs.service - Remount Root and Kernel File Systems...
[    2.520718] systemd[1]: systemd-tpm2-setup-early.service - Early TPM SRK Setup was skipped because of an unmet condition check (ConditionSecurity=measured-uki).
[    2.522565] systemd[1]: Starting systemd-udev-load-credentials.service - Load udev Rules from Credentials...
[    2.525258] systemd[1]: Starting systemd-udev-trigger.service - Coldplug All udev Devices...
[    2.532437] systemd[1]: Mounted dev-mqueue.mount - POSIX Message Queue File System.
[    2.532575] systemd[1]: Mounted run-lock.mount - Legacy Locks Directory /run/lock.
[    2.532653] systemd[1]: Mounted sys-kernel-debug.mount - Kernel Debug File System.
[    2.532716] systemd[1]: Mounted sys-kernel-tracing.mount - Kernel Trace File System.
[    2.533853] systemd[1]: Finished kmod-static-nodes.service - Create List of Static Device Nodes.
[    2.534228] systemd[1]: modprobe@configfs.service: Deactivated successfully.
[    2.534331] systemd[1]: Finished modprobe@configfs.service - Load Kernel Module configfs.
[    2.534560] systemd[1]: modprobe@efi_pstore.service: Deactivated successfully.
[    2.534653] systemd[1]: Finished modprobe@efi_pstore.service - Load Kernel Module efi_pstore.
[    2.539333] systemd[1]: Mounting sys-kernel-config.mount - Kernel Configuration File System...
[    2.542773] systemd[1]: Starting systemd-tmpfiles-setup-dev-early.service - Create Static Device Nodes in /dev gracefully...
[    2.543770] systemd[1]: modprobe@drm.service: Deactivated successfully.
[    2.544006] systemd[1]: Finished modprobe@drm.service - Load Kernel Module drm.
[    2.552699] fuse: init (API version 7.41)
[    2.558973] systemd[1]: modprobe@fuse.service: Deactivated successfully.
[    2.559247] systemd[1]: Finished modprobe@fuse.service - Load Kernel Module fuse.
[    2.560789] systemd[1]: Mounting sys-fs-fuse-connections.mount - FUSE Control File System...
[    2.564011] systemd[1]: Mounted sys-kernel-config.mount - Kernel Configuration File System.
[    2.571919] systemd[1]: Mounted sys-fs-fuse-connections.mount - FUSE Control File System.
[    2.579456] zram: Added device: zram0
[    2.579961] systemd[1]: Finished systemd-udev-load-credentials.service - Load udev Rules from Credentials.
[    2.587914] EXT4-fs (mmcblk0p2): re-mounted 37d2cb52-513e-40e1-b90f-213aa6096cba r/w.
[    2.588656] systemd[1]: Finished systemd-remount-fs.service - Remount Root and Kernel File Systems.
[    2.589704] systemd[1]: Starting cloud-init-main.service - Cloud-init: Single Process...
[    2.589737] systemd[1]: regenerate_ssh_host_keys.service - Regenerate SSH host keys was skipped because of an unmet condition check (ConditionFirstBoot=yes).
[    2.595278] systemd[1]: Starting rpi-resize-swap-file.service - rpi-resize-var-swap-service - resize swapfile...
[    2.596669] systemd-journald[315]: Collecting audit messages is disabled.
[    2.602126] i2c_dev: i2c /dev entries driver
[    2.602435] systemd[1]: systemd-hwdb-update.service - Rebuild Hardware Database was skipped because of an unmet condition check (ConditionNeedsUpdate=/etc).
[    2.602514] systemd[1]: systemd-pstore.service - Platform Persistent Storage Archival was skipped because of an unmet condition check (ConditionDirectoryNotEmpty=/sys/fs/pstore).
[    2.643374] systemd[1]: Starting systemd-random-seed.service - Load/Save OS Random Seed...
[    2.643434] systemd[1]: systemd-tpm2-setup.service - TPM SRK Setup was skipped because of an unmet condition check (ConditionSecurity=measured-uki).
[    2.644106] systemd[1]: Started systemd-journald.service - Journal Service.
[    2.699305] systemd-journald[315]: Received client request to flush runtime journal.
[    2.858266] loop0: detected capacity change from 0 to 4194304
[    3.005942] zram: setup backing device /dev/disk/by-backingfile/var-swap
[    3.012321] zram0: detected capacity change from 0 to 4194304
[    3.103132] Adding 2097136k swap on /dev/zram0.  Priority:100 extents:1 across:2097136k SS
[    3.149904] rpi-gpiomem 107d508500.gpiomem: window base 0x107d508500 size 0x00000040
[    3.149991] rpi-gpiomem 107d508500.gpiomem: initialised 1 regions as /dev/gpiomem1
[    3.150078] rpi-gpiomem 107d517c00.gpiomem: window base 0x107d517c00 size 0x00000040
[    3.150281] rpi-gpiomem 107d517c00.gpiomem: initialised 1 regions as /dev/gpiomem2
[    3.151110] rpi-gpiomem 107d504100.gpiomem: window base 0x107d504100 size 0x00000020
[    3.151216] rpi-gpiomem 107d504100.gpiomem: initialised 1 regions as /dev/gpiomem3
[    3.151248] rpi-gpiomem 107d510700.gpiomem: window base 0x107d510700 size 0x00000020
[    3.151339] rpi-gpiomem 107d510700.gpiomem: initialised 1 regions as /dev/gpiomem4
[    3.151411] rpi-gpiomem 1f000d0000.gpiomem: window base 0x1f000d0000 size 0x00030000
[    3.151564] rpi-gpiomem 1f000d0000.gpiomem: initialised 1 regions as /dev/gpiomem0
[    3.154445] rp1-firmware rp1_firmware: RP1 Firmware version eb39cfd516f8c90628aa9d91f52370aade5d0a55
[    3.167196] rp1-pio 1f00178000.pio: Created instance as pio0
[    3.182155] input: pwr_button as /devices/platform/pwr_button/input/input0
[    3.191970] Driver for 1-wire Dallas network protocol.
[    3.195081] mc: Linux media interface: v0.10
[    3.204710] gpio-573 (onewire@0): enforced open drain please flag it properly in DT/ACPI DSDT/board file
[    3.286194] videodev: Linux video capture interface: v2.00
[    3.362647] cfg80211: Loading compiled-in X.509 certificates for regulatory database
[    3.372255] pispbe 1000880000.pisp_be: bcm2712_iommu_of_xlate: MMU 1000005100.iommu
[    3.372263] pispbe 1000880000.pisp_be: bcm2712_iommu_probe_device: MMU 1000005100.iommu
[    3.372269] pispbe 1000880000.pisp_be: bcm2712_iommu_device_group: MMU 1000005100.iommu
[    3.372274] pispbe 1000880000.pisp_be: Adding to iommu group 0
[    3.372278] pispbe 1000880000.pisp_be: bcm2712_iommu_attach_dev: MMU 1000005100.iommu
[    3.379936] rpi-hevc-dec 1000800000.codec: bcm2712_iommu_of_xlate: MMU 1000005100.iommu
[    3.379944] rpi-hevc-dec 1000800000.codec: bcm2712_iommu_probe_device: MMU 1000005100.iommu
[    3.379949] rpi-hevc-dec 1000800000.codec: bcm2712_iommu_device_group: MMU 1000005100.iommu
[    3.379954] rpi-hevc-dec 1000800000.codec: Adding to iommu group 0
[    3.379957] rpi-hevc-dec 1000800000.codec: bcm2712_iommu_attach_dev: MMU 1000005100.iommu
[    3.385012] Loaded X.509 cert 'benh@debian.org: 577e021cb980e0e820821ba7b54b4961b8b4fadf'
[    3.385218] Loaded X.509 cert 'romain.perier@gmail.com: 3abbc6ec146e09d1b6016ab9d6cf71dd233f0328'
[    3.385401] Loaded X.509 cert 'sforshee: 00b28ddf47aef9cea7'
[    3.385581] Loaded X.509 cert 'wens: 61c038651aabdcf94bd0ac7ff06c7248db18c600'
[    3.391908] rpi-hevc-dec 1000800000.codec: Device registered as /dev/video19
[    3.423069] Bluetooth: Core ver 2.22
[    3.423097] NET: Registered PF_BLUETOOTH protocol family
[    3.423099] Bluetooth: HCI device and connection manager initialized
[    3.423106] Bluetooth: HCI socket layer initialized
[    3.423109] Bluetooth: L2CAP socket layer initialized
[    3.423114] Bluetooth: SCO socket layer initialized
[    3.432024] Bluetooth: HCI UART driver ver 2.3
[    3.432033] Bluetooth: HCI UART protocol H4 registered
[    3.432062] Bluetooth: HCI UART protocol Three-wire (H5) registered
[    3.432136] Bluetooth: HCI UART protocol Broadcom registered
[    3.432765] hci_uart_bcm serial0-0: supply vbat not found, using dummy regulator
[    3.432814] hci_uart_bcm serial0-0: supply vddio not found, using dummy regulator
[    3.440386] brcmfmac: F1 signature read @0x18000000=0x15264345
[    3.454334] brcmfmac: brcmf_fw_alloc_request: using brcm/brcmfmac43455-sdio for chip BCM4345/6
[    3.454558] usbcore: registered new interface driver brcmfmac
[    3.676947] brcmfmac: brcmf_c_process_txcap_blob: no txcap_blob available (err=-2)
[    3.677948] brcmfmac: brcmf_c_preinit_dcmds: Firmware: BCM4345/6 wl0: Aug 29 2023 01:47:08 version 7.45.265 (28bca26 CY) FWID 01-b677b91b
[    3.782482] Bluetooth: hci0: BCM: chip id 107
[    3.782705] Bluetooth: hci0: BCM: features 0x2f
[    3.783919] Bluetooth: hci0: BCM4345C0
[    3.783921] Bluetooth: hci0: BCM4345C0 (003.001.025) build 0000
[    3.787504] Bluetooth: hci0: BCM4345C0 'brcm/BCM4345C0.raspberrypi,5-model-b.hcd' Patch
[    4.495068] Bluetooth: hci0: BCM: features 0x2f
[    4.496393] Bluetooth: hci0: BCM43455 37.4MHz Raspberry Pi 3+-0190
[    4.496396] Bluetooth: hci0: BCM4345C0 (003.001.025) build 0382
[    4.496678] Bluetooth: hci0: BCM: Using default device address (m.m.m.m)
[    4.846848] w1_master_driver w1_bus_master1: w1_search: max_slave_count 64 reached, will continue next search.
[    5.168978] Bluetooth: BNEP (Ethernet Emulation) ver 1.3
[    5.168988] Bluetooth: BNEP filters: protocol multicast
[    5.168994] Bluetooth: BNEP socket layer initialized
[    5.170825] Bluetooth: MGMT ver 1.23
[    5.181634] NET: Registered PF_ALG protocol family
[    5.275024] Bluetooth: RFCOMM TTY layer initialized
[    5.275040] Bluetooth: RFCOMM socket layer initialized
[    5.275048] Bluetooth: RFCOMM ver 1.11
[    5.963549] loop1: detected capacity change from 0 to 8
[    5.973336] squashfs: version 4.0 (2009/01/31) Phillip Lougher
[    6.743552] macb 1f00100000.ethernet eth0: PHY [1f00100000.ethernet-ffffffff:01] driver [Broadcom BCM54213PE] (irq=POLL)
[    6.743561] macb 1f00100000.ethernet eth0: configuring for phy/rgmii-id link mode
[    6.746384] macb 1f00100000.ethernet: gem-ptp-timer ptp clock registered.
[    6.753992] brcmfmac: brcmf_cfg80211_set_power_mgmt: power save enabled
[   51.757646] w1_master_driver w1_bus_master1: Family 0 for 00.800000000000.8c is not registered.
[  110.382224] w1_master_driver w1_bus_master1: Family 0 for 00.400000000000.46 is not registered.
[  157.215573] w1_master_driver w1_bus_master1: Family 0 for 00.c00000000000.ca is not registered.
[  227.628277] w1_master_driver w1_bus_master1: Family 0 for 00.200000000000.23 is not registered.
[  286.292677] w1_master_driver w1_bus_master1: Family 0 for 00.a00000000000.af is not registered.
[  321.295607] w1_master_driver w1_bus_master1: Family 0 for 00.600000000000.65 is not registered.
[  357.908130] w1_master_driver w1_bus_master1: Family 0 for 00.e00000000000.e9 is not registered.
[  416.203198] w1_master_driver w1_bus_master1: Family 0 for 00.100000000000.9d is not registered.
[  451.988128] w1_master_driver w1_bus_master1: Family 0 for 00.900000000000.11 is not registered.
[  521.637711] w1_master_driver w1_bus_master1: Family 0 for 00.500000000000.db is not registered.
[  569.233214] w1_master_driver w1_bus_master1: Family 0 for 00.d00000000000.57 is not registered.
[  593.280536] w1_master_driver w1_bus_master1: Family 0 for 00.300000000000.be is not registered.
[  639.272004] w1_master_driver w1_bus_master1: Family 0 for 00.b00000000000.32 is not registered.
[  675.140509] w1_master_driver w1_bus_master1: Family 0 for 00.700000000000.f8 is not registered.
[  722.761879] w1_master_driver w1_bus_master1: Family 0 for 00.f00000000000.74 is not registered.
[  780.668473] w1_master_driver w1_bus_master1: Family 0 for 00.080000000000.c2 is not registered.
[  829.059355] w1_master_driver w1_bus_master1: Family 0 for 00.880000000000.4e is not registered.
[  864.004407] w1_master_driver w1_bus_master1: Family 0 for 00.480000000000.84 is not registered.
[  910.829908] w1_master_driver w1_bus_master1: Family 0 for 00.c80000000000.08 is not registered.
[  981.395460] w1_master_driver w1_bus_master1: Family 0 for 00.280000000000.e1 is not registered.
[ 1040.004533] w1_master_driver w1_bus_master1: Family 0 for 00.a80000000000.6d is not registered.
[ 1098.553023] w1_master_driver w1_bus_master1: Family 0 for 00.680000000000.a7 is not registered.
[ 1135.101929] w1_master_driver w1_bus_master1: Family 0 for 00.e80000000000.2b is not registered.
[ 1193.539419] w1_master_driver w1_bus_master1: Family 0 for 00.180000000000.5f is not registered.
[ 1229.303748] w1_master_driver w1_bus_master1: Family 0 for 00.980000000000.d3 is not registered.
[ 1275.243843] w1_master_driver w1_bus_master1: Family 0 for 00.580000000000.19 is not registered.
[ 1322.873118] w1_master_driver w1_bus_master1: Family 0 for 00.d80000000000.95 is not registered.
[ 1347.025793] w1_master_driver w1_bus_master1: Family 0 for 00.380000000000.7c is not registered.
[ 1380.946794] warning: `ThreadPoolForeg' uses wireless extensions which will stop working for Wi-Fi 7 hardware; use nl80211
[ 1393.038172] w1_master_driver w1_bus_master1: Family 0 for 00.b80000000000.f0 is not registered.
[ 1452.363343] w1_master_driver w1_bus_master1: Family 0 for 00.780000000000.3a is not registered.
[ 1500.053693] w1_master_driver w1_bus_master1: Family 0 for 00.f80000000000.b6 is not registered.
[ 1558.021875] w1_master_driver w1_bus_master1: Family 0 for 00.040000000000.61 is not registered.
[ 1606.458013] w1_master_driver w1_bus_master1: Family 0 for 00.840000000000.ed is not registered.
[ 1665.044740] w1_master_driver w1_bus_master1: Family 0 for 00.440000000000.27 is not registered.
[ 1711.812008] w1_master_driver w1_bus_master1: Family 0 for 00.c40000000000.ab is not registered.
[ 1734.995118] w1_master_driver w1_bus_master1: Family 0 for 00.240000000000.42 is not registered.
[ 1793.889517] w1_master_driver w1_bus_master1: Family 0 for 00.a40000000000.ce is not registered.
[ 1818.658996] w1_master_driver w1_bus_master1: Family 0 for 00.640000000000.04 is not registered.
[ 1865.789509] w1_master_driver w1_bus_master1: Family 0 for 00.e40000000000.88 is not registered.
[ 1925.073227] w1_master_driver w1_bus_master1: Family 0 for 00.140000000000.fc is not registered.
[ 1960.969463] w1_master_driver w1_bus_master1: Family 0 for 00.940000000000.70 is not registered.
[ 2030.618407] w1_master_driver w1_bus_master1: Family 0 for 00.540000000000.ba is not registered.
[ 2078.200261] w1_master_driver w1_bus_master1: Family 0 for 00.d40000000000.36 is not registered.
[ 2149.656161] w1_master_driver w1_bus_master1: Family 0 for 00.340000000000.df is not registered.
[ 2195.603909] w1_master_driver w1_bus_master1: Family 0 for 00.b40000000000.53 is not registered.
[ 2231.932981] w1_master_driver w1_bus_master1: Family 0 for 00.740000000000.99 is not registered.
[ 2279.759771] w1_master_driver w1_bus_master1: Family 0 for 00.f40000000000.15 is not registered.
[ 2337.872245] w1_master_driver w1_bus_master1: Family 0 for 00.0c0000000000.a3 is not registered.
[ 2386.683708] w1_master_driver w1_bus_master1: Family 0 for 00.8c0000000000.2f is not registered.
[ 2422.100151] w1_master_driver w1_bus_master1: Family 0 for 00.4c0000000000.e5 is not registered.
[ 2469.011800] w1_master_driver w1_bus_master1: Family 0 for 00.cc0000000000.69 is not registered.
[ 2492.252555] w1_master_driver w1_bus_master1: Family 0 for 00.2c0000000000.80 is not registered.
[ 2550.772057] w1_master_driver w1_bus_master1: Family 0 for 00.ac0000000000.0c is not registered.
[ 2599.338953] w1_master_driver w1_bus_master1: Family 0 for 00.6c0000000000.c6 is not registered.
[ 2646.098745] w1_master_driver w1_bus_master1: Family 0 for 00.ec0000000000.4a is not registered.
[ 2704.536719] w1_master_driver w1_bus_master1: Family 0 for 00.1c0000000000.3e is not registered.
[ 2740.392780] w1_master_driver w1_bus_master1: Family 0 for 00.9c0000000000.b2 is not registered.
[ 2786.358512] w1_master_driver w1_bus_master1: Family 0 for 00.5c0000000000.78 is not registered.

EEPROM
------

*** UPDATE AVAILABLE ***

Run "sudo rpi-eeprom-update -a" to install this update now.

To configure the bootloader update policy run "sudo raspi-config"

BOOTLOADER: update available
   CURRENT: 2025年 06月 13日 星期五 09:39:26 UTC (1749807566)
    LATEST: 2025年 12月 08日 星期一 19:29:54 UTC (1765222194)
   RELEASE: default (/usr/lib/firmware/raspberrypi/bootloader-2712/default)
            Use raspi-config to change the release.
